// Jest Snapshot v1, https://goo.gl/fbAQLP

exports[`Scoreboard/PlayerDetail compare to the last snapshot 1`] = `
<Provider
  store={
    Object {
      "dispatch": [Function],
      "getState": [Function],
      "replaceReducer": [Function],
      "subscribe": [Function],
      Symbol(observable): [Function],
    }
  }
>
  <PlayerDetail>
    <div
      className="player-detail"
    >
      <p>
        *Click on a player to see more details.
      </p>
      <Connect(ThemeSwitch)>
        <ThemeSwitch
          isLightMode={false}
          toggle={[Function]}
        >
          <button
            className="mode-switch"
            onClick={[Function]}
          >
            Dark
          </button>
        </ThemeSwitch>
      </Connect(ThemeSwitch)>
    </div>
  </PlayerDetail>
</Provider>
`;
