// Jest Snapshot v1, https://goo.gl/fbAQLP

exports[`Scoreboard/PlayerList compare to the last snapshot 1`] = `
<Provider
  store={
    Object {
      "dispatch": [Function],
      "getState": [Function],
      "replaceReducer": [Function],
      "subscribe": [Function],
      Symbol(observable): [Function],
    }
  }
>
  <PlayerList
    playerList={
      Array [
        Object {
          "created": "11/21/2016",
          "id": "1654A",
          "isSelected": false,
          "name": "Alpha",
          "score": 10,
          "updated": "06/12/2018",
        },
        Object {
          "created": "11/8/2016",
          "id": "1654B",
          "isSelected": false,
          "name": "Beta",
          "score": 4,
          "updated": "11/9/2017",
        },
      ]
    }
  >
    <div
      className="players"
    >
      <Connect(Player)
        index={0}
        key="1654A"
      >
        <Player
          id="1654A"
          index={0}
          isSelected={false}
          name="Alpha"
          remove={[Function]}
          select={[Function]}
        >
          <div
            className="player"
          >
            <div
              className="player-name"
            >
              <a
                className="remove-player"
                onClick={[Function]}
              >
                ✕
              </a>
              <Connect(Crown)
                index={0}
              >
                <Crown
                  dispatch={[Function]}
                  hasCrown={true}
                  index={0}
                >
                  <svg
                    className="crown has-crown"
                    viewBox="0 0 44 35"
                    xmlns="http://www.w3.org/2000/svg"
                  >
                    <path
                      d="M26.7616 10.6207L21.8192 0L16.9973 10.5603C15.3699 14.1207 10.9096 15.2672 7.77534 12.9741L0 7.24138L6.56986 28.8448H37.0685L43.5781 7.72414L35.7425 13.0948C32.6685 15.2672 28.3288 14.0603 26.7616 10.6207Z"
                      transform="translate(0 0.301727)"
                    />
                    <rect
                      height="3.07759"
                      transform="translate(6.56987 31.5603)"
                      width="30.4986"
                    />
                  </svg>
                </Crown>
              </Connect(Crown)>
              <span
                onClick={[Function]}
              >
                Alpha
              </span>
            </div>
            <Connect(Counter)
              index={0}
            >
              <Counter
                id="1654A"
                index={0}
                score={10}
                update={[Function]}
              >
                <div
                  className="counter"
                >
                  <button
                    className="counter-action decrement"
                    onClick={[Function]}
                  >
                    -
                  </button>
                  <div
                    className="counter-score"
                  >
                    10
                  </div>
                  <button
                    className="counter-action increment"
                    onClick={[Function]}
                  >
                    +
                  </button>
                </div>
              </Counter>
            </Connect(Counter)>
          </div>
        </Player>
      </Connect(Player)>
      <Connect(Player)
        index={1}
        key="1654B"
      >
        <Player
          id="1654B"
          index={1}
          isSelected={false}
          name="Beta"
          remove={[Function]}
          select={[Function]}
        >
          <div
            className="player"
          >
            <div
              className="player-name"
            >
              <a
                className="remove-player"
                onClick={[Function]}
              >
                ✕
              </a>
              <Connect(Crown)
                index={1}
              >
                <Crown
                  dispatch={[Function]}
                  hasCrown={false}
                  index={1}
                >
                  <svg
                    className="crown"
                    viewBox="0 0 44 35"
                    xmlns="http://www.w3.org/2000/svg"
                  >
                    <path
                      d="M26.7616 10.6207L21.8192 0L16.9973 10.5603C15.3699 14.1207 10.9096 15.2672 7.77534 12.9741L0 7.24138L6.56986 28.8448H37.0685L43.5781 7.72414L35.7425 13.0948C32.6685 15.2672 28.3288 14.0603 26.7616 10.6207Z"
                      transform="translate(0 0.301727)"
                    />
                    <rect
                      height="3.07759"
                      transform="translate(6.56987 31.5603)"
                      width="30.4986"
                    />
                  </svg>
                </Crown>
              </Connect(Crown)>
              <span
                onClick={[Function]}
              >
                Beta
              </span>
            </div>
            <Connect(Counter)
              index={1}
            >
              <Counter
                id="1654B"
                index={1}
                score={4}
                update={[Function]}
              >
                <div
                  className="counter"
                >
                  <button
                    className="counter-action decrement"
                    onClick={[Function]}
                  >
                    -
                  </button>
                  <div
                    className="counter-score"
                  >
                    4
                  </div>
                  <button
                    className="counter-action increment"
                    onClick={[Function]}
                  >
                    +
                  </button>
                </div>
              </Counter>
            </Connect(Counter)>
          </div>
        </Player>
      </Connect(Player)>
    </div>
  </PlayerList>
</Provider>
`;
