// Jest Snapshot v1, https://goo.gl/fbAQLP

exports[`Scoreboard/ThemeSwitch compare to the last snapshot 1`] = `
<Provider
  store={
    Object {
      "dispatch": [MockFunction],
      "getState": [Function],
      "replaceReducer": [Function],
      "subscribe": [Function],
      Symbol(observable): [Function],
    }
  }
>
  <Memo(ThemeSwitch)>
    <button
      className="mode-switch"
      onClick={[Function]}
    >
      Dark
    </button>
  </Memo(ThemeSwitch)>
</Provider>
`;
