// Jest Snapshot v1, https://goo.gl/fbAQLP

exports[`Scoreboard/Counter compare to the last snapshot 1`] = `
<Counter
  id="1654A"
  score={10}
  update={[MockFunction]}
>
  <div
    className="counter"
  >
    <button
      className="counter-action decrement"
      onClick={[Function]}
    >
      -
    </button>
    <div
      className="counter-score"
    >
      10
    </div>
    <button
      className="counter-action increment"
      onClick={[Function]}
    >
      +
    </button>
  </div>
</Counter>
`;
