// Jest Snapshot v1, https://goo.gl/fbAQLP

exports[`NotificationStorage compare to the last snapshot 1`] = `
<Provider
  store={
    Object {
      "dispatch": [Function],
      "getState": [Function],
      "replaceReducer": [Function],
      "subscribe": [Function],
      Symbol(observable): [Function],
    }
  }
>
  <NotificationStorage />
</Provider>
`;
