// Jest Snapshot v1, https://goo.gl/fbAQLP

exports[`Home compare to the last snapshot 1`] = `
<Home>
  <div
    className="home"
  >
    <Link
      to="/scoreboard"
    >
      <LinkAnchor
        href="/scoreboard"
        navigate={[Function]}
      >
        <a
          href="/scoreboard"
          onClick={[Function]}
        >
          Start
        </a>
      </LinkAnchor>
    </Link>
  </div>
</Home>
`;
