// Jest Snapshot v1, https://goo.gl/fbAQLP

exports[`Scoreboard/ThemeSwitch compare to the last snapshot 1`] = `
<Provider
  store={
    Object {
      "dispatch": [Function],
      "getState": [Function],
      "replaceReducer": [Function],
      "subscribe": [Function],
      Symbol(observable): [Function],
    }
  }
>
  <ThemeSwitch
    isLightMode={false}
    toggle={[MockFunction]}
  >
    <button
      className="mode-switch"
      onClick={[MockFunction]}
    >
      Dark
    </button>
  </ThemeSwitch>
</Provider>
`;
