// Jest Snapshot v1, https://goo.gl/fbAQLP

exports[`Scoreboard/Counter compare to the last snapshot 1`] = `
<Provider
  store={
    Object {
      "dispatch": [MockFunction],
      "getState": [Function],
      "replaceReducer": [Function],
      "subscribe": [Function],
      Symbol(observable): [Function],
    }
  }
>
  <Memo(Counter)
    index={0}
  >
    <div
      className="counter"
    >
      <button
        className="counter-action decrement"
        onClick={[Function]}
      >
        -
      </button>
      <div
        className="counter-score"
      >
        10
      </div>
      <button
        className="counter-action increment"
        onClick={[Function]}
      >
        +
      </button>
    </div>
  </Memo(Counter)>
</Provider>
`;
