// Jest Snapshot v1, https://goo.gl/fbAQLP

exports[`Scoreboard/Stats compare to the last snapshot 1`] = `
<Stats>
  <table
    className="stats"
  >
    <tbody>
      <tr>
        <td>
          Players:
        </td>
        <td>
          2
        </td>
      </tr>
      <tr>
        <td>
          Total Points:
        </td>
        <td>
          14
        </td>
      </tr>
    </tbody>
  </table>
</Stats>
`;
